// Jest Snapshot v1, https://goo.gl/fbAQLP

exports[`>>> NotificationCard --- Shallow Render NotificationCard component +++ render correctly and match snapshot 1`] = `
<div
  className="notificationCard-0-2-1 notificationCard-d1-0-2-6"
>
  <div
    className="avatarContainer-0-2-2"
  >
    <div
      className="avatarContainer-0-2-8"
    >
      <div
        className="dot-0-2-7"
      />
      <span
        className="avatarGroup-0-2-9 avatarGroup-d0-0-2-10"
      >
        YS
      </span>
    </div>
    <div
      className="textContainer-0-2-4"
    >
      <div>
        <p
          className="text-0-2-11 text-d0-0-2-12"
        >
          
        </p>
        <p
          className="text-0-2-13 text-d0-0-2-14"
        >
          
        </p>
        <p
          className="text-0-2-15 text-d0-0-2-16"
        >
          
        </p>
      </div>
      <p
        className="text-0-2-17 text-d0-0-2-18"
      >
        Il y a 20 min
      </p>
    </div>
  </div>
  <span
    className="icon-roundedUp icon-0-2-3"
  />
</div>
`;
