// Jest Snapshot v1, https://goo.gl/fbAQLP

exports[`>>> ManagerCard --- Shallow Render ManagerCard component +++ render correctly and match snapshot 1`] = `
<div>
  <div
    className="row-0-2-6 paper-0-2-11"
  >
    <div
      className="inputGroup-0-2-12"
    >
      <input
        className="input-0-2-14"
        disabled={false}
        id="desktop1"
        type="checkbox"
      />
      <label
        className="checkbox-0-2-13 checkbox-d0-0-2-16"
      />
      <label
        className="label-0-2-15 checkBox-0-2-7"
        htmlFor="desktop1"
      >
        
      </label>
    </div>
    <div
      className="avatarContainer-0-2-18"
    >
      <div
        className="dot-0-2-17"
      />
      <span
        className="avatarGroup-0-2-19 avatarGroup-d0-0-2-20"
      >
        YS
      </span>
    </div>
    <p
      className="text-0-2-21 text-d0-0-2-22"
    >
      choukri jermouni
    </p>
    <div
      className="card-0-2-8"
    >
      <span
        className="icon-creation-date-alph-iconfont icon-0-2-9"
      />
      <p
        className="text-0-2-23 text-d0-0-2-24"
      >
        01/01/2020
      </p>
    </div>
    <div
      className="card-0-2-8"
    >
      <span
        className="icon-last-login-user-alph-iconfont icon-0-2-9"
      />
      <p
        className="text-0-2-25 text-d0-0-2-26"
      >
        01/01/2020
      </p>
    </div>
    <div
      className="card-0-2-8"
    >
      <span
        className="icon-temas-alph-iconfont icon-0-2-9"
      />
      <p
        className="text-0-2-27 text-d0-0-2-28"
      >
        DÃ©veloppement, Design
      </p>
    </div>
  </div>
</div>
`;
