// Jest Snapshot v1, https://goo.gl/fbAQLP

exports[`>>> TeamDetails --- Shallow Render ManagerCard component +++ render correctly and match snapshot 1`] = `null`;
