// Jest Snapshot v1, https://goo.gl/fbAQLP

exports[`>>> AdminBar --- Shallow Render AdminBar component +++ render correctly and match snapshot 1`] = `
Array [
  <div
    className="row-0-2-5 row-d2-0-2-9"
  >
    <div
      className="col col-0-2-14 col-d3-0-2-18"
    >
      <p
        className="text-0-2-19 text-d0-0-2-20"
      >
        Inviter un administrateur
      </p>
    </div>
    <div
      className="col col-0-2-24 col-d3-0-2-28"
    >
      <span
        className="icon-roundeddown icon-0-2-2"
        onClick={[Function]}
      />
    </div>
  </div>,
  <div
    className="row row-0-2-31 row-d2-0-2-35"
  >
    <div
      className="inputGroup-0-2-37"
    >
      
      <textarea
        className="invites-0-2-1 input-0-2-38 input-d0-0-2-40"
        disabled={false}
        id="1"
        placeholder="E-mail dâ€™administrateur"
      />
      
    </div>
    <button
      className="button-0-2-41 button-d0-0-2-43"
      onClick={[Function]}
      type="button"
    >
      <p
        className="text-0-2-45 text-d0-0-2-46 text-0-2-42 text-d1-0-2-44"
      >
        Inviter
      </p>
    </button>
  </div>,
]
`;
